
> @scalex/service-lending@0.1.0 typecheck /Users/renakaagusta/Documents/scalex/frontend/packages/@scalex/service-lending
> tsc --noEmit

src/hooks/useBorrow.ts(242,9): error TS2304: Cannot find name 'log'.
src/hooks/useDeposit.ts(60,18): error TS2552: Cannot find name 'useLogger'. Did you mean 'logger'?
src/hooks/useDeposit.ts(68,14): error TS2304: Cannot find name 'LogLevel'.
src/hooks/useDeposit.ts(68,59): error TS2304: Cannot find name 'LogLabel'.
src/hooks/useDeposit.ts(68,77): error TS2304: Cannot find name 'ServiceName'.
src/hooks/useDeposit.ts(73,16): error TS2304: Cannot find name 'LogLevel'.
src/hooks/useDeposit.ts(73,59): error TS2304: Cannot find name 'LogLabel'.
src/hooks/useDeposit.ts(73,77): error TS2304: Cannot find name 'ServiceName'.
src/hooks/useDeposit.ts(79,16): error TS2304: Cannot find name 'LogLevel'.
src/hooks/useDeposit.ts(79,61): error TS2304: Cannot find name 'LogLabel'.
src/hooks/useDeposit.ts(79,79): error TS2304: Cannot find name 'ServiceName'.
src/hooks/useDeposit.ts(83,14): error TS2304: Cannot find name 'LogLevel'.
src/hooks/useDeposit.ts(83,61): error TS2304: Cannot find name 'LogLabel'.
src/hooks/useDeposit.ts(83,79): error TS2304: Cannot find name 'ServiceName'.
src/hooks/useDeposit.ts(87,14): error TS2304: Cannot find name 'LogLevel'.
src/hooks/useDeposit.ts(87,64): error TS2304: Cannot find name 'LogLabel'.
src/hooks/useDeposit.ts(87,82): error TS2304: Cannot find name 'ServiceName'.
src/hooks/useDeposit.ts(94,16): error TS2304: Cannot find name 'LogLevel'.
src/hooks/useDeposit.ts(94,69): error TS2304: Cannot find name 'LogLabel'.
src/hooks/useDeposit.ts(94,87): error TS2304: Cannot find name 'ServiceName'.
src/hooks/useDeposit.ts(98,14): error TS2304: Cannot find name 'LogLevel'.
src/hooks/useDeposit.ts(98,62): error TS2304: Cannot find name 'LogLabel'.
src/hooks/useDeposit.ts(98,80): error TS2304: Cannot find name 'ServiceName'.
src/hooks/useDeposit.ts(103,14): error TS2304: Cannot find name 'LogLevel'.
src/hooks/useDeposit.ts(103,53): error TS2304: Cannot find name 'LogLabel'.
src/hooks/useDeposit.ts(103,71): error TS2304: Cannot find name 'ServiceName'.
src/hooks/useDeposit.ts(108,14): error TS2304: Cannot find name 'LogLevel'.
src/hooks/useDeposit.ts(108,52): error TS2304: Cannot find name 'LogLabel'.
src/hooks/useDeposit.ts(108,70): error TS2304: Cannot find name 'ServiceName'.
src/hooks/useDeposit.ts(116,22): error TS2304: Cannot find name 'LogLevel'.
src/hooks/useDeposit.ts(116,71): error TS2304: Cannot find name 'LogLabel'.
src/hooks/useDeposit.ts(116,89): error TS2304: Cannot find name 'ServiceName'.
src/hooks/useDeposit.ts(151,20): error TS2304: Cannot find name 'LogLevel'.
src/hooks/useDeposit.ts(151,67): error TS2304: Cannot find name 'LogLabel'.
src/hooks/useDeposit.ts(151,85): error TS2304: Cannot find name 'ServiceName'.
src/hooks/useDeposit.ts(184,22): error TS2304: Cannot find name 'LogLevel'.
src/hooks/useDeposit.ts(184,79): error TS2304: Cannot find name 'LogLabel'.
src/hooks/useDeposit.ts(184,97): error TS2304: Cannot find name 'ServiceName'.
src/hooks/useDeposit.ts(195,18): error TS2304: Cannot find name 'LogLevel'.
src/hooks/useDeposit.ts(195,71): error TS2304: Cannot find name 'LogLabel'.
src/hooks/useDeposit.ts(195,89): error TS2304: Cannot find name 'ServiceName'.
src/hooks/useDeposit.ts(208,16): error TS2304: Cannot find name 'LogLevel'.
src/hooks/useDeposit.ts(208,50): error TS2304: Cannot find name 'LogLabel'.
src/hooks/useDeposit.ts(208,68): error TS2304: Cannot find name 'ServiceName'.
src/hooks/useDeposit.ts(218,20): error TS2304: Cannot find name 'LogLevel'.
src/hooks/useDeposit.ts(218,65): error TS2304: Cannot find name 'LogLabel'.
src/hooks/useDeposit.ts(218,83): error TS2304: Cannot find name 'ServiceName'.
src/hooks/useDeposit.ts(238,20): error TS2304: Cannot find name 'LogLevel'.
src/hooks/useDeposit.ts(238,62): error TS2304: Cannot find name 'LogLabel'.
src/hooks/useDeposit.ts(238,80): error TS2304: Cannot find name 'ServiceName'.
src/hooks/useDeposit.ts(245,18): error TS2304: Cannot find name 'LogLevel'.
src/hooks/useDeposit.ts(245,55): error TS2304: Cannot find name 'LogLabel'.
src/hooks/useDeposit.ts(245,73): error TS2304: Cannot find name 'ServiceName'.
src/hooks/useDeposit.ts(307,16): error TS2304: Cannot find name 'LogLevel'.
src/hooks/useDeposit.ts(307,72): error TS2304: Cannot find name 'LogLabel'.
src/hooks/useDeposit.ts(307,90): error TS2304: Cannot find name 'ServiceName'.
src/hooks/useDeposit.ts(329,18): error TS2304: Cannot find name 'LogLevel'.
src/hooks/useDeposit.ts(329,70): error TS2304: Cannot find name 'LogLabel'.
src/hooks/useDeposit.ts(329,89): error TS2304: Cannot find name 'ServiceName'.
src/hooks/useDeposit.ts(337,18): error TS2304: Cannot find name 'LogLevel'.
src/hooks/useDeposit.ts(337,67): error TS2304: Cannot find name 'LogLabel'.
src/hooks/useDeposit.ts(337,85): error TS2304: Cannot find name 'ServiceName'.
src/hooks/useDeposit.ts(386,16): error TS2304: Cannot find name 'LogLevel'.
src/hooks/useDeposit.ts(386,70): error TS2304: Cannot find name 'LogLabel'.
src/hooks/useDeposit.ts(386,88): error TS2304: Cannot find name 'ServiceName'.
src/hooks/useDeposit.ts(409,18): error TS2304: Cannot find name 'LogLevel'.
src/hooks/useDeposit.ts(409,68): error TS2304: Cannot find name 'LogLabel'.
src/hooks/useDeposit.ts(409,86): error TS2304: Cannot find name 'ServiceName'.
src/hooks/useDeposit.ts(439,20): error TS2304: Cannot find name 'LogLevel'.
src/hooks/useDeposit.ts(439,180): error TS2304: Cannot find name 'LogLabel'.
src/hooks/useDeposit.ts(439,199): error TS2304: Cannot find name 'ServiceName'.
src/hooks/useDeposit.ts(446,20): error TS2304: Cannot find name 'LogLevel'.
src/hooks/useDeposit.ts(446,73): error TS2304: Cannot find name 'LogLabel'.
src/hooks/useDeposit.ts(446,92): error TS2304: Cannot find name 'ServiceName'.
src/hooks/useDeposit.ts(455,22): error TS2304: Cannot find name 'LogLevel'.
src/hooks/useDeposit.ts(455,71): error TS2304: Cannot find name 'LogLabel'.
src/hooks/useDeposit.ts(455,90): error TS2304: Cannot find name 'ServiceName'.
src/hooks/useDeposit.ts(472,20): error TS2304: Cannot find name 'LogLevel'.
src/hooks/useDeposit.ts(472,86): error TS2304: Cannot find name 'LogLabel'.
src/hooks/useDeposit.ts(472,105): error TS2304: Cannot find name 'ServiceName'.
src/hooks/useDeposit.ts(478,20): error TS2304: Cannot find name 'LogLevel'.
src/hooks/useDeposit.ts(478,87): error TS2304: Cannot find name 'LogLabel'.
src/hooks/useDeposit.ts(478,106): error TS2304: Cannot find name 'ServiceName'.
src/hooks/useDeposit.ts(490,20): error TS2304: Cannot find name 'LogLevel'.
src/hooks/useDeposit.ts(490,69): error TS2304: Cannot find name 'LogLabel'.
src/hooks/useDeposit.ts(490,88): error TS2304: Cannot find name 'ServiceName'.
src/hooks/useDeposit.ts(512,20): error TS2304: Cannot find name 'LogLevel'.
src/hooks/useDeposit.ts(512,108): error TS2304: Cannot find name 'LogLabel'.
src/hooks/useDeposit.ts(512,127): error TS2304: Cannot find name 'ServiceName'.
src/hooks/useDeposit.ts(526,18): error TS2304: Cannot find name 'LogLevel'.
src/hooks/useDeposit.ts(526,96): error TS2304: Cannot find name 'LogLabel'.
src/hooks/useDeposit.ts(526,115): error TS2304: Cannot find name 'ServiceName'.
src/hooks/useDeposit.ts(544,18): error TS2304: Cannot find name 'LogLevel'.
src/hooks/useDeposit.ts(544,85): error TS2304: Cannot find name 'LogLabel'.
src/hooks/useDeposit.ts(544,103): error TS2304: Cannot find name 'ServiceName'.
src/hooks/useDeposit.ts(569,16): error TS2304: Cannot find name 'LogLevel'.
src/hooks/useDeposit.ts(569,75): error TS2304: Cannot find name 'LogLabel'.
src/hooks/useDeposit.ts(569,93): error TS2304: Cannot find name 'ServiceName'.
src/hooks/useDeposit.ts(582,18): error TS2304: Cannot find name 'LogLevel'.
src/hooks/useDeposit.ts(582,73): error TS2304: Cannot find name 'LogLabel'.
src/hooks/useDeposit.ts(582,92): error TS2304: Cannot find name 'ServiceName'.
src/hooks/useDeposit.ts(600,16): error TS2304: Cannot find name 'LogLevel'.
src/hooks/useDeposit.ts(600,65): error TS2304: Cannot find name 'LogLabel'.
src/hooks/useDeposit.ts(600,83): error TS2304: Cannot find name 'ServiceName'.
src/hooks/useRepay.ts(281,20): error TS2304: Cannot find name 'LogLevel'.
src/hooks/useTokenApproval.ts(34,18): error TS2304: Cannot find name 'useLogger'.
src/hooks/useTokenApproval.ts(72,18): error TS2304: Cannot find name 'LogLevel'.
src/hooks/useTokenApproval.ts(72,72): error TS2304: Cannot find name 'LogLabel'.
src/hooks/useTokenApproval.ts(72,91): error TS2304: Cannot find name 'ServiceName'.
src/index.ts(11,1): error TS2308: Module './utils/borrowUtils' has already exported a member named 'ERROR_CODES'. Consider explicitly re-exporting to resolve the ambiguity.
src/index.ts(11,1): error TS2308: Module './utils/borrowUtils' has already exported a member named 'formatTransactionHash'. Consider explicitly re-exporting to resolve the ambiguity.
src/index.ts(11,1): error TS2308: Module './utils/borrowUtils' has already exported a member named 'getExplorerUrlBase'. Consider explicitly re-exporting to resolve the ambiguity.
src/index.ts(11,1): error TS2308: Module './utils/borrowUtils' has already exported a member named 'parseContractError'. Consider explicitly re-exporting to resolve the ambiguity.
src/index.ts(11,1): error TS2308: Module './utils/borrowUtils' has already exported a member named 'validateTokenAmount'. Consider explicitly re-exporting to resolve the ambiguity.
src/index.ts(12,1): error TS2308: Module './utils/borrowUtils' has already exported a member named 'ERROR_CODES'. Consider explicitly re-exporting to resolve the ambiguity.
src/index.ts(12,1): error TS2308: Module './utils/borrowUtils' has already exported a member named 'formatTransactionHash'. Consider explicitly re-exporting to resolve the ambiguity.
src/index.ts(12,1): error TS2308: Module './utils/borrowUtils' has already exported a member named 'getExplorerUrlBase'. Consider explicitly re-exporting to resolve the ambiguity.
src/index.ts(12,1): error TS2308: Module './utils/borrowUtils' has already exported a member named 'parseContractError'. Consider explicitly re-exporting to resolve the ambiguity.
src/index.ts(12,1): error TS2308: Module './utils/borrowUtils' has already exported a member named 'validateTokenAmount'. Consider explicitly re-exporting to resolve the ambiguity.
src/index.ts(13,1): error TS2308: Module './utils/borrowUtils' has already exported a member named 'ERROR_CODES'. Consider explicitly re-exporting to resolve the ambiguity.
src/index.ts(13,1): error TS2308: Module './utils/borrowUtils' has already exported a member named 'formatTransactionHash'. Consider explicitly re-exporting to resolve the ambiguity.
src/index.ts(13,1): error TS2308: Module './utils/borrowUtils' has already exported a member named 'getExplorerUrlBase'. Consider explicitly re-exporting to resolve the ambiguity.
src/index.ts(13,1): error TS2308: Module './utils/borrowUtils' has already exported a member named 'parseContractError'. Consider explicitly re-exporting to resolve the ambiguity.
src/index.ts(13,1): error TS2308: Module './utils/borrowUtils' has already exported a member named 'validateTokenAmount'. Consider explicitly re-exporting to resolve the ambiguity.
src/index.ts(14,1): error TS2308: Module './utils/borrowUtils' has already exported a member named 'formatTokenAmount'. Consider explicitly re-exporting to resolve the ambiguity.
src/index.ts(14,1): error TS2308: Module './utils/borrowUtils' has already exported a member named 'parseContractError'. Consider explicitly re-exporting to resolve the ambiguity.
src/index.ts(14,1): error TS2308: Module './utils/withdrawUtils' has already exported a member named 'validateWithdrawParams'. Consider explicitly re-exporting to resolve the ambiguity.
src/utils/borrowUtils.ts(126,41): error TS2304: Cannot find name 'DEFAULT_CHAIN_CONFIG'.
src/utils/borrowUtils.ts(126,41): error TS2554: Expected 1-2 arguments, but got 4.
src/utils/depositUtils.ts(103,41): error TS2554: Expected 1-2 arguments, but got 4.
src/utils/repayUtils.ts(135,41): error TS2304: Cannot find name 'DEFAULT_CHAIN_CONFIG'.
src/utils/repayUtils.ts(135,41): error TS2554: Expected 1-2 arguments, but got 4.
src/utils/withdrawUtils.ts(124,41): error TS2304: Cannot find name 'DEFAULT_CHAIN_CONFIG'.
src/utils/withdrawUtils.ts(124,41): error TS2554: Expected 1-2 arguments, but got 4.
 ELIFECYCLE  Command failed with exit code 2.
