
> @scalex/service-trading@0.1.0 typecheck /Users/renakaagusta/Documents/scalex/frontend/packages/@scalex/service-trading
> tsc --noEmit

src/hooks/chart/useTradingViewDatafeed.ts(5,10): error TS2459: Module '"../../utils/prodLogger"' declares 'logger' locally, but it is not exported.
src/hooks/chart/useTradingViewSync.ts(2,10): error TS2459: Module '"../../utils/prodLogger"' declares 'logger' locally, but it is not exported.
src/hooks/chart/useTradingViewWidget.ts(3,10): error TS2459: Module '"../../utils/prodLogger"' declares 'logger' locally, but it is not exported.
src/hooks/order/usePrivyPlaceOrder.ts(7,10): error TS2459: Module '"../../utils/prodLogger"' declares 'logger' locally, but it is not exported.
src/hooks/order/usePrivyPlaceOrder.ts(8,10): error TS2305: Module '"../../utils/tradingUtils"' has no exported member 'parseContractError'.
src/hooks/order/usePrivyPlaceOrder.ts(12,10): error TS2305: Module '"../../lib/viemClient"' has no exported member 'createInterceptedWalletClient'.
src/hooks/order/usePrivyPlaceOrder.ts(12,41): error TS2305: Module '"../../lib/viemClient"' has no exported member 'getViemChain'.
src/hooks/order/usePrivyPlaceOrder.ts(12,55): error TS2305: Module '"../../lib/viemClient"' has no exported member 'waitForTransactionWithLogging'.
src/hooks/order/usePrivyPlaceOrder.ts(124,14): error TS2339: Property 'logError' does not exist on type '{ debug: (message: string, data?: any) => void; info: (message: string, data?: any) => void; warn: (message: string, data?: any) => void; error: (message: string, data?: any) => void; withContext: (context: any) => { ...; }; }'.
src/hooks/order/usePrivyPlaceOrder.ts(191,14): error TS2339: Property 'log' does not exist on type '{ debug: (message: string, data?: any) => void; info: (message: string, data?: any) => void; warn: (message: string, data?: any) => void; error: (message: string, data?: any) => void; withContext: (context: any) => { ...; }; }'.
src/hooks/order/usePrivyPlaceOrder.ts(191,92): error TS2551: Property 'TRADING_UI' does not exist on type 'typeof ServiceName'. Did you mean 'TRADING'?
src/hooks/order/usePrivyPlaceOrder.ts(201,16): error TS2339: Property 'log' does not exist on type '{ debug: (message: string, data?: any) => void; info: (message: string, data?: any) => void; warn: (message: string, data?: any) => void; error: (message: string, data?: any) => void; withContext: (context: any) => { ...; }; }'.
src/hooks/order/usePrivyPlaceOrder.ts(201,102): error TS2551: Property 'TRADING_UI' does not exist on type 'typeof ServiceName'. Did you mean 'TRADING'?
src/hooks/order/usePrivyPlaceOrder.ts(203,16): error TS2339: Property 'logError' does not exist on type '{ debug: (message: string, data?: any) => void; info: (message: string, data?: any) => void; warn: (message: string, data?: any) => void; error: (message: string, data?: any) => void; withContext: (context: any) => { ...; }; }'.
src/hooks/order/usePrivyPlaceOrder.ts(305,14): error TS2339: Property 'log' does not exist on type '{ debug: (message: string, data?: any) => void; info: (message: string, data?: any) => void; warn: (message: string, data?: any) => void; error: (message: string, data?: any) => void; withContext: (context: any) => { ...; }; }'.
src/hooks/order/usePrivyPlaceOrder.ts(305,88): error TS2551: Property 'TRADING_UI' does not exist on type 'typeof ServiceName'. Did you mean 'TRADING'?
src/hooks/order/usePrivyPlaceOrder.ts(322,16): error TS2339: Property 'log' does not exist on type '{ debug: (message: string, data?: any) => void; info: (message: string, data?: any) => void; warn: (message: string, data?: any) => void; error: (message: string, data?: any) => void; withContext: (context: any) => { ...; }; }'.
src/hooks/order/usePrivyPlaceOrder.ts(322,97): error TS2551: Property 'TRADING_UI' does not exist on type 'typeof ServiceName'. Did you mean 'TRADING'?
src/hooks/order/usePrivyPlaceOrder.ts(355,14): error TS2339: Property 'log' does not exist on type '{ debug: (message: string, data?: any) => void; info: (message: string, data?: any) => void; warn: (message: string, data?: any) => void; error: (message: string, data?: any) => void; withContext: (context: any) => { ...; }; }'.
src/hooks/order/usePrivyPlaceOrder.ts(355,88): error TS2551: Property 'TRADING_UI' does not exist on type 'typeof ServiceName'. Did you mean 'TRADING'?
src/hooks/order/usePrivyPlaceOrder.ts(364,14): error TS2339: Property 'logError' does not exist on type '{ debug: (message: string, data?: any) => void; info: (message: string, data?: any) => void; warn: (message: string, data?: any) => void; error: (message: string, data?: any) => void; withContext: (context: any) => { ...; }; }'.
src/hooks/order/usePrivyPlaceOrder.ts(389,16): error TS2339: Property 'logError' does not exist on type '{ debug: (message: string, data?: any) => void; info: (message: string, data?: any) => void; warn: (message: string, data?: any) => void; error: (message: string, data?: any) => void; withContext: (context: any) => { ...; }; }'.
src/hooks/order/usePrivyPlaceOrder.ts(396,16): error TS2339: Property 'logError' does not exist on type '{ debug: (message: string, data?: any) => void; info: (message: string, data?: any) => void; warn: (message: string, data?: any) => void; error: (message: string, data?: any) => void; withContext: (context: any) => { ...; }; }'.
src/hooks/order/usePrivyPlaceOrder.ts(402,16): error TS2339: Property 'logError' does not exist on type '{ debug: (message: string, data?: any) => void; info: (message: string, data?: any) => void; warn: (message: string, data?: any) => void; error: (message: string, data?: any) => void; withContext: (context: any) => { ...; }; }'.
src/hooks/order/usePrivyPlaceOrder.ts(409,16): error TS2339: Property 'logError' does not exist on type '{ debug: (message: string, data?: any) => void; info: (message: string, data?: any) => void; warn: (message: string, data?: any) => void; error: (message: string, data?: any) => void; withContext: (context: any) => { ...; }; }'.
src/hooks/order/usePrivyPlaceOrder.ts(422,14): error TS2339: Property 'log' does not exist on type '{ debug: (message: string, data?: any) => void; info: (message: string, data?: any) => void; warn: (message: string, data?: any) => void; error: (message: string, data?: any) => void; withContext: (context: any) => { ...; }; }'.
src/hooks/order/usePrivyPlaceOrder.ts(422,153): error TS2551: Property 'TRADING_UI' does not exist on type 'typeof ServiceName'. Did you mean 'TRADING'?
src/hooks/order/usePrivyPlaceOrder.ts(462,16): error TS2339: Property 'log' does not exist on type '{ debug: (message: string, data?: any) => void; info: (message: string, data?: any) => void; warn: (message: string, data?: any) => void; error: (message: string, data?: any) => void; withContext: (context: any) => { ...; }; }'.
src/hooks/order/usePrivyPlaceOrder.ts(462,90): error TS2551: Property 'TRADING_UI' does not exist on type 'typeof ServiceName'. Did you mean 'TRADING'?
src/hooks/order/usePrivyPlaceOrder.ts(484,18): error TS2339: Property 'log' does not exist on type '{ debug: (message: string, data?: any) => void; info: (message: string, data?: any) => void; warn: (message: string, data?: any) => void; error: (message: string, data?: any) => void; withContext: (context: any) => { ...; }; }'.
src/hooks/order/usePrivyPlaceOrder.ts(484,174): error TS2551: Property 'TRADING_UI' does not exist on type 'typeof ServiceName'. Did you mean 'TRADING'?
src/hooks/order/usePrivyPlaceOrder.ts(487,16): error TS2339: Property 'log' does not exist on type '{ debug: (message: string, data?: any) => void; info: (message: string, data?: any) => void; warn: (message: string, data?: any) => void; error: (message: string, data?: any) => void; withContext: (context: any) => { ...; }; }'.
src/hooks/order/usePrivyPlaceOrder.ts(487,92): error TS2551: Property 'TRADING_UI' does not exist on type 'typeof ServiceName'. Did you mean 'TRADING'?
src/hooks/order/usePrivyPlaceOrder.ts(492,16): error TS2339: Property 'log' does not exist on type '{ debug: (message: string, data?: any) => void; info: (message: string, data?: any) => void; warn: (message: string, data?: any) => void; error: (message: string, data?: any) => void; withContext: (context: any) => { ...; }; }'.
src/hooks/order/usePrivyPlaceOrder.ts(492,120): error TS2551: Property 'TRADING_UI' does not exist on type 'typeof ServiceName'. Did you mean 'TRADING'?
src/hooks/order/usePrivyPlaceOrder.ts(541,18): error TS2339: Property 'log' does not exist on type '{ debug: (message: string, data?: any) => void; info: (message: string, data?: any) => void; warn: (message: string, data?: any) => void; error: (message: string, data?: any) => void; withContext: (context: any) => { ...; }; }'.
src/hooks/order/usePrivyPlaceOrder.ts(541,305): error TS2551: Property 'TRADING_UI' does not exist on type 'typeof ServiceName'. Did you mean 'TRADING'?
src/hooks/order/usePrivyPlaceOrder.ts(554,16): error TS2339: Property 'log' does not exist on type '{ debug: (message: string, data?: any) => void; info: (message: string, data?: any) => void; warn: (message: string, data?: any) => void; error: (message: string, data?: any) => void; withContext: (context: any) => { ...; }; }'.
src/hooks/order/usePrivyPlaceOrder.ts(554,104): error TS2551: Property 'TRADING_UI' does not exist on type 'typeof ServiceName'. Did you mean 'TRADING'?
src/hooks/order/usePrivyPlaceOrder.ts(579,16): error TS2339: Property 'log' does not exist on type '{ debug: (message: string, data?: any) => void; info: (message: string, data?: any) => void; warn: (message: string, data?: any) => void; error: (message: string, data?: any) => void; withContext: (context: any) => { ...; }; }'.
src/hooks/order/usePrivyPlaceOrder.ts(579,147): error TS2339: Property 'BALANCE' does not exist on type 'typeof LogLabel'.
src/hooks/order/usePrivyPlaceOrder.ts(579,168): error TS2551: Property 'TRADING_UI' does not exist on type 'typeof ServiceName'. Did you mean 'TRADING'?
src/hooks/order/usePrivyPlaceOrder.ts(599,16): error TS2339: Property 'log' does not exist on type '{ debug: (message: string, data?: any) => void; info: (message: string, data?: any) => void; warn: (message: string, data?: any) => void; error: (message: string, data?: any) => void; withContext: (context: any) => { ...; }; }'.
src/hooks/order/usePrivyPlaceOrder.ts(599,86): error TS2339: Property 'BALANCE' does not exist on type 'typeof LogLabel'.
src/hooks/order/usePrivyPlaceOrder.ts(599,107): error TS2551: Property 'TRADING_UI' does not exist on type 'typeof ServiceName'. Did you mean 'TRADING'?
src/hooks/order/usePrivyPlaceOrder.ts(623,14): error TS2339: Property 'log' does not exist on type '{ debug: (message: string, data?: any) => void; info: (message: string, data?: any) => void; warn: (message: string, data?: any) => void; error: (message: string, data?: any) => void; withContext: (context: any) => { ...; }; }'.
src/hooks/order/usePrivyPlaceOrder.ts(623,103): error TS2551: Property 'TRADING_UI' does not exist on type 'typeof ServiceName'. Did you mean 'TRADING'?
src/hooks/order/usePrivyPlaceOrder.ts(642,14): error TS2339: Property 'log' does not exist on type '{ debug: (message: string, data?: any) => void; info: (message: string, data?: any) => void; warn: (message: string, data?: any) => void; error: (message: string, data?: any) => void; withContext: (context: any) => { ...; }; }'.
src/hooks/order/usePrivyPlaceOrder.ts(642,99): error TS2551: Property 'TRADING_UI' does not exist on type 'typeof ServiceName'. Did you mean 'TRADING'?
src/hooks/order/usePrivyPlaceOrder.ts(651,14): error TS2339: Property 'logError' does not exist on type '{ debug: (message: string, data?: any) => void; info: (message: string, data?: any) => void; warn: (message: string, data?: any) => void; error: (message: string, data?: any) => void; withContext: (context: any) => { ...; }; }'.
src/hooks/order/usePrivyPlaceOrder.ts(683,16): error TS2339: Property 'logError' does not exist on type '{ debug: (message: string, data?: any) => void; info: (message: string, data?: any) => void; warn: (message: string, data?: any) => void; error: (message: string, data?: any) => void; withContext: (context: any) => { ...; }; }'.
src/hooks/order/usePrivyPlaceOrder.ts(690,16): error TS2339: Property 'logError' does not exist on type '{ debug: (message: string, data?: any) => void; info: (message: string, data?: any) => void; warn: (message: string, data?: any) => void; error: (message: string, data?: any) => void; withContext: (context: any) => { ...; }; }'.
src/hooks/order/usePrivyPlaceOrder.ts(696,16): error TS2339: Property 'logError' does not exist on type '{ debug: (message: string, data?: any) => void; info: (message: string, data?: any) => void; warn: (message: string, data?: any) => void; error: (message: string, data?: any) => void; withContext: (context: any) => { ...; }; }'.
src/hooks/order/usePrivyPlaceOrder.ts(702,16): error TS2339: Property 'logError' does not exist on type '{ debug: (message: string, data?: any) => void; info: (message: string, data?: any) => void; warn: (message: string, data?: any) => void; error: (message: string, data?: any) => void; withContext: (context: any) => { ...; }; }'.
src/hooks/order/usePrivyPlaceOrder.ts(709,16): error TS2339: Property 'logError' does not exist on type '{ debug: (message: string, data?: any) => void; info: (message: string, data?: any) => void; warn: (message: string, data?: any) => void; error: (message: string, data?: any) => void; withContext: (context: any) => { ...; }; }'.
src/hooks/order/usePrivyPlaceOrder.ts(726,14): error TS2339: Property 'log' does not exist on type '{ debug: (message: string, data?: any) => void; info: (message: string, data?: any) => void; warn: (message: string, data?: any) => void; error: (message: string, data?: any) => void; withContext: (context: any) => { ...; }; }'.
src/hooks/order/usePrivyPlaceOrder.ts(726,170): error TS2551: Property 'TRADING_UI' does not exist on type 'typeof ServiceName'. Did you mean 'TRADING'?
src/hooks/order/usePrivyPlaceOrder.ts(766,16): error TS2339: Property 'log' does not exist on type '{ debug: (message: string, data?: any) => void; info: (message: string, data?: any) => void; warn: (message: string, data?: any) => void; error: (message: string, data?: any) => void; withContext: (context: any) => { ...; }; }'.
src/hooks/order/usePrivyPlaceOrder.ts(766,90): error TS2551: Property 'TRADING_UI' does not exist on type 'typeof ServiceName'. Did you mean 'TRADING'?
src/hooks/order/usePrivyPlaceOrder.ts(793,18): error TS2339: Property 'log' does not exist on type '{ debug: (message: string, data?: any) => void; info: (message: string, data?: any) => void; warn: (message: string, data?: any) => void; error: (message: string, data?: any) => void; withContext: (context: any) => { ...; }; }'.
src/hooks/order/usePrivyPlaceOrder.ts(793,174): error TS2551: Property 'TRADING_UI' does not exist on type 'typeof ServiceName'. Did you mean 'TRADING'?
src/hooks/order/usePrivyPlaceOrder.ts(798,18): error TS2339: Property 'log' does not exist on type '{ debug: (message: string, data?: any) => void; info: (message: string, data?: any) => void; warn: (message: string, data?: any) => void; error: (message: string, data?: any) => void; withContext: (context: any) => { ...; }; }'.
src/hooks/order/usePrivyPlaceOrder.ts(798,167): error TS2551: Property 'TRADING_UI' does not exist on type 'typeof ServiceName'. Did you mean 'TRADING'?
src/hooks/order/usePrivyPlaceOrder.ts(801,16): error TS2339: Property 'log' does not exist on type '{ debug: (message: string, data?: any) => void; info: (message: string, data?: any) => void; warn: (message: string, data?: any) => void; error: (message: string, data?: any) => void; withContext: (context: any) => { ...; }; }'.
src/hooks/order/usePrivyPlaceOrder.ts(801,92): error TS2551: Property 'TRADING_UI' does not exist on type 'typeof ServiceName'. Did you mean 'TRADING'?
src/hooks/order/usePrivyPlaceOrder.ts(806,16): error TS2339: Property 'log' does not exist on type '{ debug: (message: string, data?: any) => void; info: (message: string, data?: any) => void; warn: (message: string, data?: any) => void; error: (message: string, data?: any) => void; withContext: (context: any) => { ...; }; }'.
src/hooks/order/usePrivyPlaceOrder.ts(806,120): error TS2551: Property 'TRADING_UI' does not exist on type 'typeof ServiceName'. Did you mean 'TRADING'?
src/hooks/order/usePrivyPlaceOrder.ts(832,16): error TS2339: Property 'log' does not exist on type '{ debug: (message: string, data?: any) => void; info: (message: string, data?: any) => void; warn: (message: string, data?: any) => void; error: (message: string, data?: any) => void; withContext: (context: any) => { ...; }; }'.
src/hooks/order/usePrivyPlaceOrder.ts(832,140): error TS2339: Property 'BALANCE' does not exist on type 'typeof LogLabel'.
src/hooks/order/usePrivyPlaceOrder.ts(832,161): error TS2551: Property 'TRADING_UI' does not exist on type 'typeof ServiceName'. Did you mean 'TRADING'?
src/hooks/order/usePrivyPlaceOrder.ts(846,16): error TS2339: Property 'log' does not exist on type '{ debug: (message: string, data?: any) => void; info: (message: string, data?: any) => void; warn: (message: string, data?: any) => void; error: (message: string, data?: any) => void; withContext: (context: any) => { ...; }; }'.
src/hooks/order/usePrivyPlaceOrder.ts(846,86): error TS2339: Property 'BALANCE' does not exist on type 'typeof LogLabel'.
src/hooks/order/usePrivyPlaceOrder.ts(846,107): error TS2551: Property 'TRADING_UI' does not exist on type 'typeof ServiceName'. Did you mean 'TRADING'?
src/hooks/order/usePrivyPlaceOrder.ts(870,14): error TS2339: Property 'log' does not exist on type '{ debug: (message: string, data?: any) => void; info: (message: string, data?: any) => void; warn: (message: string, data?: any) => void; error: (message: string, data?: any) => void; withContext: (context: any) => { ...; }; }'.
src/hooks/order/usePrivyPlaceOrder.ts(870,103): error TS2551: Property 'TRADING_UI' does not exist on type 'typeof ServiceName'. Did you mean 'TRADING'?
src/hooks/order/usePrivyPlaceOrder.ts(890,14): error TS2339: Property 'log' does not exist on type '{ debug: (message: string, data?: any) => void; info: (message: string, data?: any) => void; warn: (message: string, data?: any) => void; error: (message: string, data?: any) => void; withContext: (context: any) => { ...; }; }'.
src/hooks/order/usePrivyPlaceOrder.ts(890,98): error TS2551: Property 'TRADING_UI' does not exist on type 'typeof ServiceName'. Did you mean 'TRADING'?
src/hooks/order/usePrivyPlaceOrder.ts(899,14): error TS2339: Property 'logError' does not exist on type '{ debug: (message: string, data?: any) => void; info: (message: string, data?: any) => void; warn: (message: string, data?: any) => void; error: (message: string, data?: any) => void; withContext: (context: any) => { ...; }; }'.
src/hooks/orderBook/useDepthWithRealtime.ts(6,15): error TS2305: Module '"../useWebSocketSubscriptions"' has no exported member 'DepthUpdate'.
src/hooks/orderBook/useDepthWithRealtime.ts(25,11): error TS2339: Property 'subscribeToDepth' does not exist on type '{ isConnected: boolean; subscribe: (channel: string, callback: (data: any) => void) => void; unsubscribe: (channel: string) => void; }'.
src/hooks/orderBook/useDepthWithRealtime.ts(70,12): error TS2339: Property 'log' does not exist on type '() => { debug: (message: string, data?: any) => void; info: (message: string, data?: any) => void; warn: (message: string, data?: any) => void; error: (message: string, data?: any) => void; withContext: (context: any) => { ...; }; }'.
src/hooks/orderBook/useDepthWithRealtime.ts(73,19): error TS2339: Property 'ORDER_BOOK' does not exist on type 'typeof ServiceName'.
src/hooks/orderBook/useDepthWithRealtime.ts(94,16): error TS2339: Property 'log' does not exist on type '() => { debug: (message: string, data?: any) => void; info: (message: string, data?: any) => void; warn: (message: string, data?: any) => void; error: (message: string, data?: any) => void; withContext: (context: any) => { ...; }; }'.
src/hooks/orderBook/useDepthWithRealtime.ts(97,23): error TS2339: Property 'ORDER_BOOK' does not exist on type 'typeof ServiceName'.
src/hooks/orderBook/useDepthWithRealtime.ts(111,14): error TS2339: Property 'log' does not exist on type '() => { debug: (message: string, data?: any) => void; info: (message: string, data?: any) => void; warn: (message: string, data?: any) => void; error: (message: string, data?: any) => void; withContext: (context: any) => { ...; }; }'.
src/hooks/orderBook/useDepthWithRealtime.ts(114,21): error TS2339: Property 'ORDER_BOOK' does not exist on type 'typeof ServiceName'.
src/hooks/orderBook/useTradesWithRealtime.ts(6,15): error TS2305: Module '"../useWebSocketSubscriptions"' has no exported member 'TradeUpdate'.
src/hooks/orderBook/useTradesWithRealtime.ts(25,11): error TS2339: Property 'subscribeToTrades' does not exist on type '{ isConnected: boolean; subscribe: (channel: string, callback: (data: any) => void) => void; unsubscribe: (channel: string) => void; }'.
src/hooks/orderBook/useTradesWithRealtime.ts(71,12): error TS2339: Property 'log' does not exist on type '() => { debug: (message: string, data?: any) => void; info: (message: string, data?: any) => void; warn: (message: string, data?: any) => void; error: (message: string, data?: any) => void; withContext: (context: any) => { ...; }; }'.
src/hooks/orderBook/useTradesWithRealtime.ts(74,19): error TS2339: Property 'TRADES' does not exist on type 'typeof ServiceName'.
src/hooks/orderBook/useTradesWithRealtime.ts(84,11): error TS2353: Object literal may only specify known properties, and 'quantity' does not exist in type 'TradeWithTimestamp'.
src/hooks/orderBook/useTradesWithRealtime.ts(94,16): error TS2339: Property 'log' does not exist on type '() => { debug: (message: string, data?: any) => void; info: (message: string, data?: any) => void; warn: (message: string, data?: any) => void; error: (message: string, data?: any) => void; withContext: (context: any) => { ...; }; }'.
src/hooks/orderBook/useTradesWithRealtime.ts(97,23): error TS2339: Property 'TRADES' does not exist on type 'typeof ServiceName'.
src/hooks/orderBook/useTradesWithRealtime.ts(112,14): error TS2339: Property 'log' does not exist on type '() => { debug: (message: string, data?: any) => void; info: (message: string, data?: any) => void; warn: (message: string, data?: any) => void; error: (message: string, data?: any) => void; withContext: (context: any) => { ...; }; }'.
src/hooks/orderBook/useTradesWithRealtime.ts(115,21): error TS2339: Property 'TRADES' does not exist on type 'typeof ServiceName'.
src/hooks/swap/usePrivySwap.ts(3,10): error TS2305: Module '"../../utils/tradingUtils"' has no exported member 'parseContractError'.
src/hooks/swap/usePrivySwap.ts(13,10): error TS2459: Module '"../../utils/prodLogger"' declares 'logger' locally, but it is not exported.
src/hooks/swap/usePrivySwap.ts(96,14): error TS2339: Property 'logError' does not exist on type '{ debug: (message: string, data?: any) => void; info: (message: string, data?: any) => void; warn: (message: string, data?: any) => void; error: (message: string, data?: any) => void; withContext: (context: any) => { ...; }; }'.
src/hooks/swap/usePrivySwap.ts(164,14): error TS2339: Property 'log' does not exist on type '{ debug: (message: string, data?: any) => void; info: (message: string, data?: any) => void; warn: (message: string, data?: any) => void; error: (message: string, data?: any) => void; withContext: (context: any) => { ...; }; }'.
src/hooks/swap/usePrivySwap.ts(164,97): error TS2551: Property 'TRADING_UI' does not exist on type 'typeof ServiceName'. Did you mean 'TRADING'?
src/hooks/swap/usePrivySwap.ts(174,16): error TS2339: Property 'log' does not exist on type '{ debug: (message: string, data?: any) => void; info: (message: string, data?: any) => void; warn: (message: string, data?: any) => void; error: (message: string, data?: any) => void; withContext: (context: any) => { ...; }; }'.
src/hooks/swap/usePrivySwap.ts(174,95): error TS2551: Property 'TRADING_UI' does not exist on type 'typeof ServiceName'. Did you mean 'TRADING'?
src/hooks/swap/usePrivySwap.ts(177,16): error TS2339: Property 'logError' does not exist on type '{ debug: (message: string, data?: any) => void; info: (message: string, data?: any) => void; warn: (message: string, data?: any) => void; error: (message: string, data?: any) => void; withContext: (context: any) => { ...; }; }'.
src/hooks/swap/usePrivySwap.ts(248,14): error TS2339: Property 'log' does not exist on type '{ debug: (message: string, data?: any) => void; info: (message: string, data?: any) => void; warn: (message: string, data?: any) => void; error: (message: string, data?: any) => void; withContext: (context: any) => { ...; }; }'.
src/hooks/swap/usePrivySwap.ts(248,93): error TS2551: Property 'TRADING_UI' does not exist on type 'typeof ServiceName'. Did you mean 'TRADING'?
src/hooks/swap/usePrivySwap.ts(264,16): error TS2339: Property 'log' does not exist on type '{ debug: (message: string, data?: any) => void; info: (message: string, data?: any) => void; warn: (message: string, data?: any) => void; error: (message: string, data?: any) => void; withContext: (context: any) => { ...; }; }'.
src/hooks/swap/usePrivySwap.ts(264,102): error TS2551: Property 'TRADING_UI' does not exist on type 'typeof ServiceName'. Did you mean 'TRADING'?
src/hooks/swap/usePrivySwap.ts(296,14): error TS2339: Property 'log' does not exist on type '{ debug: (message: string, data?: any) => void; info: (message: string, data?: any) => void; warn: (message: string, data?: any) => void; error: (message: string, data?: any) => void; withContext: (context: any) => { ...; }; }'.
src/hooks/swap/usePrivySwap.ts(296,93): error TS2551: Property 'TRADING_UI' does not exist on type 'typeof ServiceName'. Did you mean 'TRADING'?
src/hooks/swap/usePrivySwap.ts(305,14): error TS2339: Property 'logError' does not exist on type '{ debug: (message: string, data?: any) => void; info: (message: string, data?: any) => void; warn: (message: string, data?: any) => void; error: (message: string, data?: any) => void; withContext: (context: any) => { ...; }; }'.
src/hooks/swap/usePrivySwap.ts(333,16): error TS2339: Property 'logError' does not exist on type '{ debug: (message: string, data?: any) => void; info: (message: string, data?: any) => void; warn: (message: string, data?: any) => void; error: (message: string, data?: any) => void; withContext: (context: any) => { ...; }; }'.
src/hooks/swap/usePrivySwap.ts(340,16): error TS2339: Property 'logError' does not exist on type '{ debug: (message: string, data?: any) => void; info: (message: string, data?: any) => void; warn: (message: string, data?: any) => void; error: (message: string, data?: any) => void; withContext: (context: any) => { ...; }; }'.
src/hooks/swap/usePrivySwap.ts(346,16): error TS2339: Property 'logError' does not exist on type '{ debug: (message: string, data?: any) => void; info: (message: string, data?: any) => void; warn: (message: string, data?: any) => void; error: (message: string, data?: any) => void; withContext: (context: any) => { ...; }; }'.
src/hooks/swap/usePrivySwap.ts(352,16): error TS2339: Property 'logError' does not exist on type '{ debug: (message: string, data?: any) => void; info: (message: string, data?: any) => void; warn: (message: string, data?: any) => void; error: (message: string, data?: any) => void; withContext: (context: any) => { ...; }; }'.
src/hooks/swap/usePrivySwap.ts(358,16): error TS2339: Property 'logError' does not exist on type '{ debug: (message: string, data?: any) => void; info: (message: string, data?: any) => void; warn: (message: string, data?: any) => void; error: (message: string, data?: any) => void; withContext: (context: any) => { ...; }; }'.
src/hooks/swap/usePrivySwap.ts(364,16): error TS2339: Property 'logError' does not exist on type '{ debug: (message: string, data?: any) => void; info: (message: string, data?: any) => void; warn: (message: string, data?: any) => void; error: (message: string, data?: any) => void; withContext: (context: any) => { ...; }; }'.
src/hooks/swap/usePrivySwap.ts(378,14): error TS2339: Property 'log' does not exist on type '{ debug: (message: string, data?: any) => void; info: (message: string, data?: any) => void; warn: (message: string, data?: any) => void; error: (message: string, data?: any) => void; withContext: (context: any) => { ...; }; }'.
src/hooks/swap/usePrivySwap.ts(378,142): error TS2551: Property 'TRADING_UI' does not exist on type 'typeof ServiceName'. Did you mean 'TRADING'?
src/hooks/swap/usePrivySwap.ts(399,20): error TS2339: Property 'log' does not exist on type '{ debug: (message: string, data?: any) => void; info: (message: string, data?: any) => void; warn: (message: string, data?: any) => void; error: (message: string, data?: any) => void; withContext: (context: any) => { ...; }; }'.
src/hooks/swap/usePrivySwap.ts(399,111): error TS2339: Property 'BALANCE' does not exist on type 'typeof LogLabel'.
src/hooks/swap/usePrivySwap.ts(399,132): error TS2551: Property 'TRADING_UI' does not exist on type 'typeof ServiceName'. Did you mean 'TRADING'?
src/hooks/swap/usePrivySwap.ts(421,20): error TS2339: Property 'log' does not exist on type '{ debug: (message: string, data?: any) => void; info: (message: string, data?: any) => void; warn: (message: string, data?: any) => void; error: (message: string, data?: any) => void; withContext: (context: any) => { ...; }; }'.
src/hooks/swap/usePrivySwap.ts(421,110): error TS2339: Property 'BALANCE' does not exist on type 'typeof LogLabel'.
src/hooks/swap/usePrivySwap.ts(421,131): error TS2551: Property 'TRADING_UI' does not exist on type 'typeof ServiceName'. Did you mean 'TRADING'?
src/hooks/swap/usePrivySwap.ts(434,18): error TS2339: Property 'log' does not exist on type '{ debug: (message: string, data?: any) => void; info: (message: string, data?: any) => void; warn: (message: string, data?: any) => void; error: (message: string, data?: any) => void; withContext: (context: any) => { ...; }; }'.
src/hooks/swap/usePrivySwap.ts(434,80): error TS2339: Property 'BALANCE' does not exist on type 'typeof LogLabel'.
src/hooks/swap/usePrivySwap.ts(434,101): error TS2551: Property 'TRADING_UI' does not exist on type 'typeof ServiceName'. Did you mean 'TRADING'?
src/hooks/swap/usePrivySwap.ts(438,16): error TS2339: Property 'log' does not exist on type '{ debug: (message: string, data?: any) => void; info: (message: string, data?: any) => void; warn: (message: string, data?: any) => void; error: (message: string, data?: any) => void; withContext: (context: any) => { ...; }; }'.
src/hooks/swap/usePrivySwap.ts(438,96): error TS2339: Property 'BALANCE' does not exist on type 'typeof LogLabel'.
src/hooks/swap/usePrivySwap.ts(438,117): error TS2551: Property 'TRADING_UI' does not exist on type 'typeof ServiceName'. Did you mean 'TRADING'?
src/hooks/swap/usePrivySwap.ts(447,16): error TS2339: Property 'log' does not exist on type '{ debug: (message: string, data?: any) => void; info: (message: string, data?: any) => void; warn: (message: string, data?: any) => void; error: (message: string, data?: any) => void; withContext: (context: any) => { ...; }; }'.
src/hooks/swap/usePrivySwap.ts(447,113): error TS2551: Property 'TRADING_UI' does not exist on type 'typeof ServiceName'. Did you mean 'TRADING'?
src/hooks/swap/usePrivySwap.ts(462,18): error TS2339: Property 'log' does not exist on type '{ debug: (message: string, data?: any) => void; info: (message: string, data?: any) => void; warn: (message: string, data?: any) => void; error: (message: string, data?: any) => void; withContext: (context: any) => { ...; }; }'.
src/hooks/swap/usePrivySwap.ts(462,123): error TS2551: Property 'TRADING_UI' does not exist on type 'typeof ServiceName'. Did you mean 'TRADING'?
src/hooks/swap/usePrivySwap.ts(469,18): error TS2339: Property 'logError' does not exist on type '{ debug: (message: string, data?: any) => void; info: (message: string, data?: any) => void; warn: (message: string, data?: any) => void; error: (message: string, data?: any) => void; withContext: (context: any) => { ...; }; }'.
src/hooks/swap/usePrivySwap.ts(491,14): error TS2339: Property 'log' does not exist on type '{ debug: (message: string, data?: any) => void; info: (message: string, data?: any) => void; warn: (message: string, data?: any) => void; error: (message: string, data?: any) => void; withContext: (context: any) => { ...; }; }'.
src/hooks/swap/usePrivySwap.ts(491,93): error TS2551: Property 'TRADING_UI' does not exist on type 'typeof ServiceName'. Did you mean 'TRADING'?
src/hooks/swap/usePrivySwap.ts(500,14): error TS2339: Property 'logError' does not exist on type '{ debug: (message: string, data?: any) => void; info: (message: string, data?: any) => void; warn: (message: string, data?: any) => void; error: (message: string, data?: any) => void; withContext: (context: any) => { ...; }; }'.
src/hooks/token/useTokenLookup.ts(39,11): error TS2353: Object literal may only specify known properties, and 'isNative' does not exist in type 'Token'.
src/hooks/useTradeBalances.ts(4,31): error TS2307: Cannot find module '@/configs/trading' or its corresponding type declarations.
src/hooks/useTradeBalances.ts(5,27): error TS2307: Cannot find module '../useLogger' or its corresponding type declarations.
src/hooks/useTradeBalances.ts(6,49): error TS2307: Cannot find module '../../utils/logger' or its corresponding type declarations.
src/utils/defaultMarket.ts(1,31): error TS2307: Cannot find module '../../configs/trading' or its corresponding type declarations.
 ELIFECYCLE  Command failed with exit code 2.
